// Jest Snapshot v1, https://goo.gl/fbAQLP

exports[`<ErrorText/> should match snapshot 1`] = `
.c0 {
  margin-top: 10px;
  color: red;
}

<div
  class="c0"
/>
`;
