// Jest Snapshot v1, https://goo.gl/fbAQLP

exports[`<Home/> should match snapshot when store state is fetched 1`] = `
.c0 {
  display: -webkit-box;
  display: -webkit-flex;
  display: -ms-flexbox;
  display: flex;
  width: 100%;
  padding: 15px;
  border-bottom: 2px solid #ececec;
  box-sizing: border-box;
  -webkit-align-items: center;
  -webkit-box-align: center;
  -ms-flex-align: center;
  align-items: center;
  -webkit-box-pack: justify;
  -webkit-justify-content: space-between;
  -ms-flex-pack: justify;
  justify-content: space-between;
}

.c1 {
  display: -webkit-box;
  display: -webkit-flex;
  display: -ms-flexbox;
  display: flex;
  -webkit-align-items: center;
  -webkit-box-align: center;
  -ms-flex-align: center;
  align-items: center;
  border: 1px solid #b7b5b5;
  border-radius: 5px;
  padding: 5px 10px;
}

.c2 {
  color: gray;
  margin-right: 5px;
}

.c3 {
  border: none;
}

.c3:focus {
  outline: none;
}

.c4 {
  color: gray;
  cursor: pointer;
}

<div
  class="c0"
>
  <div>
    Ebay Alert Program
  </div>
  <div
    class="c1"
  >
    <svg
      aria-hidden="true"
      class="svg-inline--fa fa-search fa-w-16 c2"
      data-icon="search"
      data-prefix="fas"
      focusable="false"
      role="img"
      viewBox="0 0 512 512"
      xmlns="http://www.w3.org/2000/svg"
    >
      <path
        d="M505 442.7L405.3 343c-4.5-4.5-10.6-7-17-7H372c27.6-35.3 44-79.7 44-128C416 93.1 322.9 0 208 0S0 93.1 0 208s93.1 208 208 208c48.3 0 92.7-16.4 128-44v16.3c0 6.4 2.5 12.5 7 17l99.7 99.7c9.4 9.4 24.6 9.4 33.9 0l28.3-28.3c9.4-9.4 9.4-24.6.1-34zM208 336c-70.7 0-128-57.2-128-128 0-70.7 57.2-128 128-128 70.7 0 128 57.2 128 128 0 70.7-57.2 128-128 128z"
        fill="currentColor"
      />
    </svg>
    <input
      class="c3"
      type="text"
      value=""
    />
  </div>
  <div
    class="c4"
  >
    <svg
      aria-hidden="true"
      class="svg-inline--fa fa-plus fa-w-14 "
      data-icon="plus"
      data-prefix="fas"
      focusable="false"
      role="img"
      viewBox="0 0 448 512"
      xmlns="http://www.w3.org/2000/svg"
    >
      <path
        d="M416 208H272V64c0-17.67-14.33-32-32-32h-32c-17.67 0-32 14.33-32 32v144H32c-17.67 0-32 14.33-32 32v32c0 17.67 14.33 32 32 32h144v144c0 17.67 14.33 32 32 32h32c17.67 0 32-14.33 32-32V304h144c17.67 0 32-14.33 32-32v-32c0-17.67-14.33-32-32-32z"
        fill="currentColor"
      />
    </svg>
  </div>
</div>
`;

exports[`<Home/> should match snapshot when store state is fetching 1`] = `
.c0 {
  display: -webkit-box;
  display: -webkit-flex;
  display: -ms-flexbox;
  display: flex;
  width: 100%;
  padding: 15px;
  border-bottom: 2px solid #ececec;
  box-sizing: border-box;
  -webkit-align-items: center;
  -webkit-box-align: center;
  -ms-flex-align: center;
  align-items: center;
  -webkit-box-pack: justify;
  -webkit-justify-content: space-between;
  -ms-flex-pack: justify;
  justify-content: space-between;
}

.c1 {
  display: -webkit-box;
  display: -webkit-flex;
  display: -ms-flexbox;
  display: flex;
  -webkit-align-items: center;
  -webkit-box-align: center;
  -ms-flex-align: center;
  align-items: center;
  border: 1px solid #b7b5b5;
  border-radius: 5px;
  padding: 5px 10px;
}

.c2 {
  color: gray;
  margin-right: 5px;
}

.c3 {
  border: none;
}

.c3:focus {
  outline: none;
}

.c4 {
  color: gray;
  cursor: pointer;
}

<div
  class="c0"
>
  <div>
    Ebay Alert Program
  </div>
  <div
    class="c1"
  >
    <svg
      aria-hidden="true"
      class="svg-inline--fa fa-search fa-w-16 c2"
      data-icon="search"
      data-prefix="fas"
      focusable="false"
      role="img"
      viewBox="0 0 512 512"
      xmlns="http://www.w3.org/2000/svg"
    >
      <path
        d="M505 442.7L405.3 343c-4.5-4.5-10.6-7-17-7H372c27.6-35.3 44-79.7 44-128C416 93.1 322.9 0 208 0S0 93.1 0 208s93.1 208 208 208c48.3 0 92.7-16.4 128-44v16.3c0 6.4 2.5 12.5 7 17l99.7 99.7c9.4 9.4 24.6 9.4 33.9 0l28.3-28.3c9.4-9.4 9.4-24.6.1-34zM208 336c-70.7 0-128-57.2-128-128 0-70.7 57.2-128 128-128 70.7 0 128 57.2 128 128 0 70.7-57.2 128-128 128z"
        fill="currentColor"
      />
    </svg>
    <input
      class="c3"
      type="text"
      value=""
    />
  </div>
  <div
    class="c4"
  >
    <svg
      aria-hidden="true"
      class="svg-inline--fa fa-plus fa-w-14 "
      data-icon="plus"
      data-prefix="fas"
      focusable="false"
      role="img"
      viewBox="0 0 448 512"
      xmlns="http://www.w3.org/2000/svg"
    >
      <path
        d="M416 208H272V64c0-17.67-14.33-32-32-32h-32c-17.67 0-32 14.33-32 32v144H32c-17.67 0-32 14.33-32 32v32c0 17.67 14.33 32 32 32h144v144c0 17.67 14.33 32 32 32h32c17.67 0 32-14.33 32-32V304h144c17.67 0 32-14.33 32-32v-32c0-17.67-14.33-32-32-32z"
        fill="currentColor"
      />
    </svg>
  </div>
</div>
`;
